// Jest Snapshot v1, https://goo.gl/fbAQLP

exports[`renders correctly 1`] = `"0.0009765625"`;
